Archive member included to satisfy reference by file (symbol)

contiki-native.a(cmd.o)       obj_native/border-router-cmds.o (cmd_input)
contiki-native.a(packetutils.o)
                              obj_native/border-router-rdc.o (packetutils_serialize_atts)
contiki-native.a(contiki-main.o)
                              obj_native/tun-bridge.o (select_set_callback)
contiki-native.a(button-sensor.o)
                              contiki-native.a(contiki-main.o) (button_sensor)
contiki-native.a(pir-sensor.o)
                              contiki-native.a(contiki-main.o) (pir_sensor)
contiki-native.a(vib-sensor.o)
                              contiki-native.a(contiki-main.o) (vib_sensor)
contiki-native.a(sensors.o)   contiki-native.a(button-sensor.o) (sensors_changed)
contiki-native.a(autostart.o)
                              contiki-native.a(contiki-main.o) (autostart_start)
contiki-native.a(ctimer.o)    contiki-native.a(contiki-main.o) (ctimer_init)
contiki-native.a(etimer.o)    contiki-native.a(contiki-main.o) (etimer_request_poll)
contiki-native.a(process.o)   border-router.co (process_current)
contiki-native.a(rtimer.o)    contiki-native.a(contiki-main.o) (rtimer_init)
contiki-native.a(timer.o)     obj_native/slip-dev.o (timer_set)
contiki-native.a(serial-line.o)
                              obj_native/border-router-cmds.o (serial_line_event_message)
contiki-native.a(ringbuf.o)   contiki-native.a(serial-line.o) (ringbuf_init)
contiki-native.a(list.o)      contiki-native.a(ctimer.o) (list_init)
contiki-native.a(memb.o)      obj_native/httpd-simple.o (memb_init)
contiki-native.a(uip-ds6.o)   border-router.co (uip_ds6_if)
contiki-native.a(uip-ds6-route.o)
                              contiki-native.a(uip-ds6.o) (uip_ds6_route_init)
contiki-native.a(uip6.o)      obj_native/tun-bridge.o (uip_aligned_buf)
contiki-native.a(uip-ds6-nbr.o)
                              border-router.co (ds6_neighbors)
contiki-native.a(uip-nd6.o)   contiki-native.a(uip-ds6-nbr.o) (uip_nd6_ns_output)
contiki-native.a(sicslowpan.o)
                              contiki-native.a(contiki-main.o) (sicslowpan_driver)
contiki-native.a(uip-debug.o)
                              border-router.co (uip_debug_ipaddr_print)
contiki-native.a(uip-packetqueue)
                              contiki-native.a(uip-ds6-nbr.o) (uip_packetqueue_new)
contiki-native.a(psock.o)     border-router.co (psock_send)
contiki-native.a(tcpip.o)     contiki-native.a(sicslowpan.o) (tcpip_set_outputfunc)
contiki-native.a(uiplib.o)    border-router.co (uiplib_ip6addrconv)
contiki-native.a(rpl-dag.o)   border-router.co (rpl_set_prefix)
contiki-native.a(rpl-timers.o)
                              contiki-native.a(rpl-dag.o) (rpl_reset_dio_timer)
contiki-native.a(rpl-ext-header.)
                              contiki-native.a(uip6.o) (rpl_verify_header)
contiki-native.a(rpl.o)       contiki-native.a(rpl-timers.o) (rpl_get_mode)
contiki-native.a(rpl-mrhof.o)
                              contiki-native.a(rpl-dag.o) (rpl_mrhof)
contiki-native.a(queuebuf.o)  contiki-native.a(contiki-main.o) (queuebuf_init)
contiki-native.a(nbr-table.o)
                              contiki-native.a(uip-ds6-route.o) (nbr_table_register)
contiki-native.a(packetbuf.o)
                              contiki-native.a(queuebuf.o) (packetbuf_copyto_hdr)
contiki-native.a(netstack.o)  contiki-native.a(contiki-main.o) (netstack_init)
contiki-native.a(linkaddr.o)  contiki-native.a(sicslowpan.o) (linkaddr_copy)
contiki-native.a(nullmac.o)   border-router.co (nullmac_driver)
contiki-native.a(framer-802154.o)
                              obj_native/border-router-rdc.o (framer_802154)
contiki-native.a(frame802154.o)
                              contiki-native.a(framer-802154.o) (frame802154_hdrlen)
contiki-native.a(mac.o)       obj_native/border-router-rdc.o (mac_call_sent_callback)
contiki-native.a(framer.o)    contiki-native.a(framer-802154.o) (framer_canonical_create_and_secure)
contiki-native.a(nullsec.o)   contiki-native.a(sicslowpan.o) (nullsec_driver)
contiki-native.a(clock.o)     contiki-native.a(etimer.o) (clock_time)
contiki-native.a(rtimer-arch.o)
                              contiki-native.a(rtimer.o) (rtimer_arch_init)
contiki-native.a(watchdog.o)  contiki-native.a(sicslowpan.o) (watchdog_periodic)
contiki-native.a(stimer.o)    contiki-native.a(uip-ds6.o) (stimer_set)
contiki-native.a(nullradio.o)
                              contiki-native.a(netstack.o) (nullradio_driver)
contiki-native.a(random.o)    contiki-native.a(uip-ds6.o) (random_rand)
contiki-native.a(uip-icmp6.o)
                              contiki-native.a(uip6.o) (uip_icmp6_input)
contiki-native.a(rpl-icmp6.o)
                              contiki-native.a(rpl-timers.o) (dis_output)
/usr/lib/x86_64-linux-gnu/libc_nonshared.a(elf-init.oS)
                              /usr/lib/gcc/x86_64-linux-gnu/4.9/../../../x86_64-linux-gnu/crt1.o (__libc_csu_init)
/usr/lib/x86_64-linux-gnu/libc_nonshared.a(atexit.oS)
[...]
Memory Configuration

Name             Origin             Length             Attributes
*default*        0x0000000000000000 0xffffffffffffffff

Linker script and memory map

LOAD /usr/lib/gcc/x86_64-linux-gnu/4.9/../../../x86_64-linux-gnu/crt1.o
LOAD /usr/lib/gcc/x86_64-linux-gnu/4.9/../../../x86_64-linux-gnu/crti.o
LOAD /usr/lib/gcc/x86_64-linux-gnu/4.9/crtbegin.o
LOAD border-router.co
LOAD obj_native/border-router-cmds.o
LOAD obj_native/tun-bridge.o
LOAD obj_native/border-router-rdc.o
LOAD obj_native/slip-config.o
LOAD obj_native/slip-dev.o
LOAD obj_native/httpd-simple.o
LOAD contiki-native.a
LOAD /usr/lib/gcc/x86_64-linux-gnu/4.9/../../../x86_64-linux-gnu/libncurses.so
LOAD /lib/x86_64-linux-gnu/libncurses.so.5
LOAD /usr/lib/gcc/x86_64-linux-gnu/4.9/../../../x86_64-linux-gnu/libtinfo.so
LOAD /usr/lib/gcc/x86_64-linux-gnu/4.9/libgcc.a
LOAD /usr/lib/gcc/x86_64-linux-gnu/4.9/libgcc_s.so
LOAD /usr/lib/gcc/x86_64-linux-gnu/4.9/../../../x86_64-linux-gnu/libc.so
START GROUP
LOAD /lib/x86_64-linux-gnu/libc.so.6
LOAD /usr/lib/x86_64-linux-gnu/libc_nonshared.a
LOAD /lib/x86_64-linux-gnu/ld-linux-x86-64.so.2
END GROUP
LOAD /usr/lib/gcc/x86_64-linux-gnu/4.9/libgcc.a
LOAD /usr/lib/gcc/x86_64-linux-gnu/4.9/libgcc_s.so
LOAD /usr/lib/gcc/x86_64-linux-gnu/4.9/crtend.o
LOAD /usr/lib/gcc/x86_64-linux-gnu/4.9/../../../x86_64-linux-gnu/crtn.o
                0x0000000000400000                PROVIDE (__executable_start, 0x400000)
                0x0000000000400200                . = (0x400000 + SIZEOF_HEADERS)

.interp         0x0000000000400200       0x1c
 *(.interp)
 .interp        0x0000000000400200       0x1c /usr/lib/gcc/x86_64-linux-gnu/4.9/../../../x86_64-linux-gnu/crt1.o

.note.ABI-tag   0x000000000040021c       0x20
 .note.ABI-tag  0x000000000040021c       0x20 /usr/lib/gcc/x86_64-linux-gnu/4.9/../../../x86_64-linux-gnu/crt1.o

.note.gnu.build-id
                0x000000000040023c       0x24
 *(.note.gnu.build-id)
 .note.gnu.build-id
                0x000000000040023c       0x24 /usr/lib/gcc/x86_64-linux-gnu/4.9/../../../x86_64-linux-gnu/crt1.o

.hash
 *(.hash)

.gnu.hash       0x0000000000400260      0xd40
 *(.gnu.hash)
 .gnu.hash      0x0000000000400260      0xd40 /usr/lib/gcc/x86_64-linux-gnu/4.9/../../../x86_64-linux-gnu/crt1.o

.dynsym         0x0000000000400fa0     0x3018
 *(.dynsym)
 .dynsym        0x0000000000400fa0     0x3018 /usr/lib/gcc/x86_64-linux-gnu/4.9/../../../x86_64-linux-gnu/crt1.o

.dynstr         0x0000000000403fb8     0x1ed4
 *(.dynstr)
 .dynstr        0x0000000000403fb8     0x1ed4 /usr/lib/gcc/x86_64-linux-gnu/4.9/../../../x86_64-linux-gnu/crt1.o

.gnu.version    0x0000000000405e8c      0x402
 *(.gnu.version)
 .gnu.version   0x0000000000405e8c      0x402 /usr/lib/gcc/x86_64-linux-gnu/4.9/../../../x86_64-linux-gnu/crt1.o

.gnu.version_d  0x0000000000406290        0x0
 *(.gnu.version_d)
 .gnu.version_d
                0x0000000000406290        0x0 /usr/lib/gcc/x86_64-linux-gnu/4.9/../../../x86_64-linux-gnu/crt1.o

.gnu.version_r  0x0000000000406290       0x30
 *(.gnu.version_r)
 .gnu.version_r
                0x0000000000406290       0x30 /usr/lib/gcc/x86_64-linux-gnu/4.9/../../../x86_64-linux-gnu/crt1.o

.rela.dyn       0x00000000004062c0       0x78
 *(.rela.init)
 *(.rela.text .rela.text.* .rela.gnu.linkonce.t.*)
 .rela.text     0x00000000004062c0        0x0 /usr/lib/gcc/x86_64-linux-gnu/4.9/../../../x86_64-linux-gnu/crt1.o
 *(.rela.fini)
 *(.rela.rodata .rela.rodata.* .rela.gnu.linkonce.r.*)
 .rela.rodata   0x00000000004062c0        0x0 /usr/lib/gcc/x86_64-linux-gnu/4.9/../../../x86_64-linux-gnu/crt1.o
 *(.rela.data .rela.data.* .rela.gnu.linkonce.d.*)
 .rela.data     0x00000000004062c0        0x0 /usr/lib/gcc/x86_64-linux-gnu/4.9/../../../x86_64-linux-gnu/crt1.o
 *(.rela.tdata .rela.tdata.* .rela.gnu.linkonce.td.*)
 *(.rela.tbss .rela.tbss.* .rela.gnu.linkonce.tb.*)
 *(.rela.ctors)
 *(.rela.dtors)
 *(.rela.got)
 .rela.got      0x00000000004062c0       0x18 /usr/lib/gcc/x86_64-linux-gnu/4.9/../../../x86_64-linux-gnu/crt1.o
 *(.rela.bss .rela.bss.* .rela.gnu.linkonce.b.*)
 .rela.bss      0x00000000004062d8       0x60 /usr/lib/gcc/x86_64-linux-gnu/4.9/../../../x86_64-linux-gnu/crt1.o
 *(.rela.ldata .rela.ldata.* .rela.gnu.linkonce.l.*)
 *(.rela.lbss .rela.lbss.* .rela.gnu.linkonce.lb.*)
 *(.rela.lrodata .rela.lrodata.* .rela.gnu.linkonce.lr.*)
 *(.rela.ifunc)

.rela.plt       0x0000000000406338      0x540
 *(.rela.plt)
 .rela.plt      0x0000000000406338      0x540 /usr/lib/gcc/x86_64-linux-gnu/4.9/../../../x86_64-linux-gnu/crt1.o
                0x0000000000406878                PROVIDE (__rela_iplt_start, .)
 *(.rela.iplt)
 .rela.iplt     0x0000000000406878        0x0 /usr/lib/gcc/x86_64-linux-gnu/4.9/../../../x86_64-linux-gnu/crt1.o
                0x0000000000406878                PROVIDE (__rela_iplt_end, .)

.init           0x0000000000406878       0x1a
 *(SORT(.init))
 .init          0x0000000000406878       0x15 /usr/lib/gcc/x86_64-linux-gnu/4.9/../../../x86_64-linux-gnu/crti.o
                0x0000000000406878                _init
 .init          0x000000000040688d        0x5 /usr/lib/gcc/x86_64-linux-gnu/4.9/../../../x86_64-linux-gnu/crtn.o

.plt            0x00000000004068a0      0x390
 *(.plt)
 .plt           0x00000000004068a0      0x390 /usr/lib/gcc/x86_64-linux-gnu/4.9/../../../x86_64-linux-gnu/crt1.o
                0x00000000004068b0                inet_ntop@@GLIBC_2.2.5
                0x00000000004068c0                putchar@@GLIBC_2.2.5
                0x00000000004068d0                __errno_location@@GLIBC_2.2.5
                0x00000000004068e0                strncpy@@GLIBC_2.2.5
                0x00000000004068f0                strncmp@@GLIBC_2.2.5
                0x0000000000406900                strcpy@@GLIBC_2.2.5
                0x0000000000406910                puts@@GLIBC_2.2.5
                0x0000000000406920                fread@@GLIBC_2.2.5
                0x0000000000406930                vsnprintf@@GLIBC_2.2.5
                0x0000000000406940                fcntl@@GLIBC_2.2.5
                0x0000000000406950                write@@GLIBC_2.2.5
                0x0000000000406960                cfsetospeed@@GLIBC_2.2.5
                0x0000000000406970                system@@GLIBC_2.2.5
                0x0000000000406980                tcflush@@GLIBC_2.2.5
                0x0000000000406990                printf@@GLIBC_2.2.5
                0x00000000004069a0                snprintf@@GLIBC_2.2.5
                0x00000000004069b0                gai_strerror@@GLIBC_2.2.5
                0x00000000004069c0                gettimeofday@@GLIBC_2.2.5
                0x00000000004069d0                memset@@GLIBC_2.2.5
                0x00000000004069e0                ioctl@@GLIBC_2.2.5
                0x00000000004069f0                strncat@@GLIBC_2.2.5
                0x0000000000406a00                close@@GLIBC_2.2.5
                0x0000000000406a10                read@@GLIBC_2.2.5
                0x0000000000406a20                __libc_start_main@@GLIBC_2.2.5
                0x0000000000406a30                srand@@GLIBC_2.2.5
                0x0000000000406a40                memcmp@@GLIBC_2.2.5
                0x0000000000406a50                signal@@GLIBC_2.2.5
                0x0000000000406a60                fprintf@@GLIBC_2.2.5
                0x0000000000406a80                strtol@@GLIBC_2.2.5
                0x0000000000406a90                clearerr@@GLIBC_2.2.5
                0x0000000000406aa0                memcpy@@GLIBC_2.14
                0x0000000000406ab0                select@@GLIBC_2.2.5
                0x0000000000406ac0                err@@GLIBC_2.2.5
                0x0000000000406ad0                fflush@@GLIBC_2.2.5
                0x0000000000406ae0                ungetc@@GLIBC_2.2.5
                0x0000000000406af0                fdopen@@GLIBC_2.2.5
                0x0000000000406b00                setitimer@@GLIBC_2.2.5
                0x0000000000406b10                cfmakeraw@@GLIBC_2.2.5
                0x0000000000406b20                setvbuf@@GLIBC_2.2.5
                0x0000000000406b30                memmove@@GLIBC_2.2.5
                0x0000000000406b40                tcgetattr@@GLIBC_2.2.5
                0x0000000000406b50                tcsetattr@@GLIBC_2.2.5
                0x0000000000406b60                open@@GLIBC_2.2.5
                0x0000000000406b70                cfsetispeed@@GLIBC_2.2.5
                0x0000000000406b80                perror@@GLIBC_2.2.5
                0x0000000000406b90                getopt@@GLIBC_2.2.5
                0x0000000000406ba0                __cxa_atexit@@GLIBC_2.2.5
                0x0000000000406bb0                exit@@GLIBC_2.2.5
                0x0000000000406bc0                connect@@GLIBC_2.2.5
                0x0000000000406bd0                fwrite@@GLIBC_2.2.5
                0x0000000000406be0                getaddrinfo@@GLIBC_2.2.5
                0x0000000000406bf0                rand@@GLIBC_2.2.5
                0x0000000000406c00                usleep@@GLIBC_2.2.5
                0x0000000000406c10                freeaddrinfo@@GLIBC_2.2.5
                0x0000000000406c20                socket@@GLIBC_2.2.5
 *(.iplt)
 .iplt          0x0000000000406c30        0x0 /usr/lib/gcc/x86_64-linux-gnu/4.9/../../../x86_64-linux-gnu/crt1.o

.plt.bnd
 *(.plt.bnd)

.text           0x0000000000406c30     0xecca
 *(.text.unlikely .text.*_unlikely .text.unlikely.*)
 .text.unlikely
                0x0000000000406c30        0x0 /usr/lib/gcc/x86_64-linux-gnu/4.9/crtbegin.o
 *(.text.exit .text.exit.*)
 *(.text.startup .text.startup.*)
 *(.text.hot .text.hot.*)
 *(.text .stub .text.* .gnu.linkonce.t.*)
 .text          0x0000000000406c30       0x2a /usr/lib/gcc/x86_64-linux-gnu/4.9/../../../x86_64-linux-gnu/crt1.o
                0x0000000000406c30                _start
 .text          0x0000000000406c5a        0x0 /usr/lib/gcc/x86_64-linux-gnu/4.9/../../../x86_64-linux-gnu/crti.o
 *fill*         0x0000000000406c5a        0x6 
 .text          0x0000000000406c60       0xc6 /usr/lib/gcc/x86_64-linux-gnu/4.9/crtbegin.o
 .text          0x0000000000406d26      0xa43 border-router.co
                0x0000000000407645                httpd_simple_get_script
                0x000000000040764b                border_router_set_mac
                0x0000000000407679                border_router_print_stat
                0x00000000004076ae                border_router_set_sensors
 .text          0x0000000000407769      0x25f obj_native/border-router-cmds.o
                0x00000000004077cc                border_router_cmd_handler
                0x0000000000407981                border_router_cmd_output
 .text          0x00000000004079c8      0x514 obj_native/tun-bridge.o
                0x00000000004079fe                sigcleanup
                0x0000000000407a24                ssystem
                0x0000000000407b00                cleanup
                0x0000000000407b31                ifconf
                0x0000000000407b7d                devopen
                0x0000000000407bb7                tun_alloc
                0x0000000000407c69                tun_init
                0x0000000000407d2f                tun_output
                0x0000000000407d82                tun_input
 .text          0x0000000000407edc      0x211 obj_native/border-router-rdc.o
                0x000000000040807b                packet_sent
 .text          0x00000000004080ed      0x4f7 obj_native/slip-config.o
                0x00000000004080ed                slip_config_handle_arguments
 .text          0x00000000004085e4      0xb30 obj_native/slip-dev.o
                0x00000000004086ce                is_sensible_string
                0x000000000040871c                slip_packet_input
                0x0000000000408749                serial_input
                0x0000000000408a54                slip_empty
                0x0000000000408a62                slip_flushbuf
                0x0000000000408be4                write_to_slip
                0x0000000000408ce6                slip_init
 .text          0x0000000000409114      0x47c obj_native/httpd-simple.o
                0x0000000000409433                httpd_appcall
                0x0000000000409573                httpd_init
 .text          0x0000000000409590       0x5c contiki-native.a(cmd.o)
                0x0000000000409590                cmd_input
                0x00000000004095de                cmd_send
 .text          0x00000000004095ec       0xf6 contiki-native.a(packetutils.o)
                0x00000000004095ec                packetutils_serialize_atts
                0x0000000000409665                packetutils_deserialize_atts
 .text          0x00000000004096e2      0x3af contiki-native.a(contiki-main.o)
                0x000000000040971e                select_set_callback
                0x00000000004097be                main
                0x0000000000409a4a                log_message
                0x0000000000409a6f                uip_log
 .text          0x0000000000409a91       0x25 contiki-native.a(button-sensor.o)
                0x0000000000409aa3                button_press
 .text          0x0000000000409ab6       0x2c contiki-native.a(pir-sensor.o)
                0x0000000000409ac9                pir_sensor_changed
 .text          0x0000000000409ae2       0x2d contiki-native.a(vib-sensor.o)
                0x0000000000409af5                vib_sensor_changed
 .text          0x0000000000409b0f      0x270 contiki-native.a(sensors.o)
                0x0000000000409c4e                sensors_first
                0x0000000000409c56                sensors_next
                0x0000000000409ca7                sensors_changed
                0x0000000000409d06                sensors_find
 .text          0x0000000000409d7f       0x69 contiki-native.a(autostart.o)
                0x0000000000409d7f                autostart_start
                0x0000000000409db6                autostart_exit
 .text          0x0000000000409de8      0x278 contiki-native.a(ctimer.o)
                0x0000000000409ec2                ctimer_init
                0x0000000000409eeb                ctimer_set
                0x0000000000409f45                ctimer_reset
                0x0000000000409f8d                ctimer_restart
                0x0000000000409fd5                ctimer_stop
                0x000000000040a00c                ctimer_expired
 .text          0x000000000040a060      0x2f4 contiki-native.a(etimer.o)
                0x000000000040a0c2                etimer_request_poll
                0x000000000040a261                etimer_set
                0x000000000040a274                etimer_reset
                0x000000000040a287                etimer_restart
                0x000000000040a29a                etimer_adjust
                0x000000000040a2ae                etimer_expired
                0x000000000040a2ba                etimer_expiration_time
                0x000000000040a2c2                etimer_start_time
                0x000000000040a2c6                etimer_pending
                0x000000000040a2d5                etimer_next_expiration_time
                0x000000000040a2eb                etimer_stop
 .text          0x000000000040a354      0x3e0 contiki-native.a(process.o)
                0x000000000040a4de                process_alloc_event
                0x000000000040a4ef                process_exit
                0x000000000040a504                process_init
                0x000000000040a530                process_run
                0x000000000040a633                process_nevents
                0x000000000040a647                process_post
                0x000000000040a69c                process_post_synch
                0x000000000040a6b6                process_start
                0x000000000040a70c                process_poll
                0x000000000040a729                process_is_running
 .text          0x000000000040a734       0x87 contiki-native.a(rtimer.o)
                0x000000000040a734                rtimer_init
                0x000000000040a742                rtimer_set
                0x000000000040a77c                rtimer_run_next
 .text          0x000000000040a7bb       0x59 contiki-native.a(timer.o)
                0x000000000040a7bb                timer_set
                0x000000000040a7cd                timer_reset
                0x000000000040a7d5                timer_restart
                0x000000000040a7e3                timer_expired
                0x000000000040a7ff                timer_remaining
 .text          0x000000000040a814      0x187 contiki-native.a(serial-line.o)
                0x000000000040a905                serial_line_input_byte
                0x000000000040a96f                serial_line_init
 .text          0x000000000040a99b       0xa3 contiki-native.a(ringbuf.o)
                0x000000000040a99b                ringbuf_init
                0x000000000040a9ad                ringbuf_put
                0x000000000040a9e9                ringbuf_get
                0x000000000040aa1d                ringbuf_size
                0x000000000040aa25                ringbuf_elements
                0x000000000040aa36                ringbuf_flush
 .text          0x000000000040aa3e      0x144 contiki-native.a(list.o)
                0x000000000040aa3e                list_init
                0x000000000040aa46                list_head
                0x000000000040aa4a                list_copy
                0x000000000040aa51                list_tail
                0x000000000040aa6e                list_chop
                0x000000000040aaa1                list_pop
                0x000000000040aab1                list_remove
                0x000000000040aaf3                list_add
                0x000000000040ab20                list_push
                0x000000000040ab3a                list_length
                0x000000000040ab5a                list_insert
                0x000000000040ab73                list_item_next
 .text          0x000000000040ab82      0x143 contiki-native.a(memb.o)
                0x000000000040ab82                memb_init
                0x000000000040abb5                memb_alloc
                0x000000000040ac08                memb_free
                0x000000000040ac70                memb_inmemb
                0x000000000040ac98                memb_numfree
 .text          0x000000000040acc5      0x8d9 contiki-native.a(uip-ds6.o)
                0x000000000040acc5                uip_ds6_list_loop
                0x000000000040ad50                uip_ds6_prefix_add
                0x000000000040ade6                uip_ds6_prefix_rm
                0x000000000040adf0                uip_ds6_prefix_lookup
                0x000000000040ae29                uip_ds6_is_addr_onlink
                0x000000000040ae88                uip_ds6_addr_lookup
                0x000000000040aec3                uip_ds6_get_link_local
                0x000000000040af0c                uip_ds6_get_global
                0x000000000040af55                uip_ds6_maddr_add
                0x000000000040afb1                uip_ds6_addr_add
                0x000000000040b0b4                uip_ds6_maddr_rm
                0x000000000040b0be                uip_ds6_maddr_lookup
                0x000000000040b0f9                uip_ds6_addr_rm
                0x000000000040b186                uip_ds6_periodic
                0x000000000040b1f2                uip_ds6_aaddr_add
                0x000000000040b24e                uip_ds6_aaddr_rm
                0x000000000040b258                uip_ds6_aaddr_lookup
                0x000000000040b293                uip_ds6_set_addr_iid
                0x000000000040b29f                get_match_length
                0x000000000040b2fa                uip_ds6_select_src
                0x000000000040b3d7                uip_ds6_compute_reachable_time
                0x000000000040b405                uip_ds6_init
 .text          0x000000000040b59e      0x66d contiki-native.a(uip-ds6-route.o)
                0x000000000040b5ff                uip_ds6_notification_add
                0x000000000040b624                uip_ds6_notification_rm
                0x000000000040b63a                uip_ds6_route_init
                0x000000000040b684                uip_ds6_route_nexthop
                0x000000000040b6b0                uip_ds6_route_head
                0x000000000040b6c3                uip_ds6_route_next
                0x000000000040b6de                uip_ds6_route_num_routes
                0x000000000040b6e5                uip_ds6_route_lookup
                0x000000000040b78a                uip_ds6_route_rm
                0x000000000040b8c1                uip_ds6_route_add
                0x000000000040ba16                uip_ds6_route_rm_by_nexthop
                0x000000000040ba39                uip_ds6_defrt_rm
                0x000000000040ba94                uip_ds6_defrt_lookup
                0x000000000040baec                uip_ds6_defrt_add
                0x000000000040bb6c                uip_ds6_defrt_choose
                0x000000000040bbbc                uip_ds6_defrt_periodic
 .text          0x000000000040bc0b     0x1cb1 contiki-native.a(uip6.o)
                0x000000000040be0c                uip_add32
                0x000000000040bed4                uip_chksum
                0x000000000040bee9                uip_icmp6chksum
                0x000000000040bef5                uip_tcpchksum
                0x000000000040bf01                uip_udpchksum
                0x000000000040bf0d                uip_init
                0x000000000040bf7b                uip_connect
                0x000000000040c0d1                remove_ext_hdr
                0x000000000040c159                uip_udp_new
                0x000000000040c29d                uip_unlisten
                0x000000000040c2f7                uip_listen
                0x000000000040c34f                uip_process
                0x000000000040d82f                uip_htons
                0x000000000040d836                uip_htonl
                0x000000000040d84e                uip_send
 .text          0x000000000040d8bc      0x419 contiki-native.a(uip-ds6-nbr.o)
                0x000000000040d8bc                uip_ds6_nbr_rm
                0x000000000040d8e8                uip_ds6_neighbors_init
                0x000000000040d902                uip_ds6_nbr_add
                0x000000000040d97e                uip_ds6_nbr_get_ipaddr
                0x000000000040d982                uip_ds6_nbr_get_ll
                0x000000000040d99a                uip_ds6_nbr_num
                0x000000000040d9d3                uip_ds6_nbr_lookup
                0x000000000040da3f                uip_ds6_nbr_ll_lookup
                0x000000000040da57                uip_ds6_nbr_ipaddr_from_lladdr
                0x000000000040da65                uip_ds6_nbr_lladdr_from_ipaddr
                0x000000000040da87                uip_ds6_link_neighbor_callback
                0x000000000040dac0                uip_ds6_neighbor_periodic
                0x000000000040dc65                uip_ds6_get_least_lifetime_neighbor
 .text          0x000000000040dcd5      0x988 contiki-native.a(uip-nd6.o)
                0x000000000040e3f6                uip_nd6_ns_output
                0x000000000040e640                uip_nd6_init
 .text          0x000000000040e65d     0x1672 contiki-native.a(sicslowpan.o)
                0x000000000040e65d                sicslowpan_init
                0x000000000040fcb4                rime_sniffer_add
                0x000000000040fcbc                rime_sniffer_remove
                0x000000000040fcc8                sicslowpan_get_last_rssi
 .text          0x000000000040fccf      0x105 contiki-native.a(uip-debug.o)
                0x000000000040fccf                uip_debug_ipaddr_print
                0x000000000040fd76                uip_debug_lladdr_print
 .text          0x000000000040fdd4       0xd6 contiki-native.a(uip-packetqueue)
                0x000000000040fdee                uip_packetqueue_new
                0x000000000040fdf6                uip_packetqueue_alloc
                0x000000000040fe41                uip_packetqueue_free
                0x000000000040fe70                uip_packetqueue_buf
                0x000000000040fe83                uip_packetqueue_buflen
                0x000000000040fe99                uip_packetqueue_set_buflen
 .text          0x000000000040feaa      0x3c7 contiki-native.a(psock.o)
                0x000000000040feaa                psock_send
                0x000000000040ff8e                psock_generator_send
                0x0000000000410027                psock_datalen
                0x000000000041002f                psock_newdata
                0x0000000000410059                psock_readto
                0x000000000041011e                psock_readbuf_len
                0x000000000041024c                psock_init
 .text          0x0000000000410271      0x919 contiki-native.a(tcpip.o)
                0x0000000000410292                tcpip_output
                0x00000000004102af                tcpip_set_outputfunc
                0x00000000004102b7                tcp_unlisten
                0x0000000000410314                tcp_listen
                0x0000000000410383                tcp_attach
                0x0000000000410393                udp_attach
                0x00000000004103a3                udp_new
                0x00000000004103c5                udp_broadcast_new
                0x0000000000410420                icmp6_new
                0x000000000041044b                tcpip_icmp6_call
                0x0000000000410476                tcpip_input
                0x00000000004104a3                tcpip_ipv6_output
                0x0000000000410a80                tcpip_poll_udp
                0x0000000000410a9b                tcpip_poll_tcp
                0x0000000000410ab6                tcp_connect
                0x0000000000410af0                tcpip_uipcall
 .text          0x0000000000410b8a      0x1bd contiki-native.a(uiplib.o)
                0x0000000000410b8a                uiplib_ip6addrconv
                0x0000000000410cd2                uiplib_ip4addrconv
 .text          0x0000000000410d47     0x1451 contiki-native.a(rpl-dag.o)
                0x0000000000410eca                rpl_dag_init
                0x0000000000410ee2                rpl_get_parent
                0x0000000000410ef8                rpl_get_parent_rank
                0x0000000000410f1e                rpl_get_parent_link_metric
                0x0000000000410f44                rpl_get_parent_ipaddr
                0x0000000000410f62                rpl_set_prefix
                0x0000000000411027                rpl_set_default_route
                0x000000000041108e                rpl_alloc_instance
                0x00000000004110c0                rpl_set_default_instance
                0x00000000004110c8                rpl_add_parent
                0x000000000041111a                rpl_find_parent
                0x0000000000411141                rpl_find_parent_any_dag
                0x0000000000411178                rpl_select_parent
                0x00000000004111f4                rpl_select_dag
                0x0000000000411443                rpl_nullify_parent
                0x00000000004114af                rpl_remove_parent
                0x0000000000411520                rpl_free_dag
                0x000000000041155a                rpl_free_instance
                0x00000000004115de                rpl_move_parent
                0x000000000041164f                rpl_get_any_dag
                0x0000000000411673                rpl_get_instance
                0x0000000000411707                rpl_repair_root
                0x0000000000411783                rpl_alloc_dag
                0x0000000000411829                rpl_set_root
                0x0000000000411969                rpl_find_of
                0x000000000041197f                rpl_join_instance
                0x0000000000411b39                rpl_local_repair
                0x0000000000411bb3                rpl_process_parent_event
                0x0000000000411c55                rpl_add_dag
                0x0000000000411db1                rpl_recalculate_ranks
                0x0000000000411e06                rpl_process_dio
                0x0000000000412182                rpl_lock_parent
 .text          0x0000000000412198      0x38b contiki-native.a(rpl-timers.o)
                0x0000000000412462                rpl_reset_periodic_timer
                0x00000000004124b4                rpl_reset_dio_timer
                0x00000000004124df                rpl_schedule_dao
                0x00000000004124f2                rpl_schedule_dao_immediately
                0x0000000000412505                rpl_cancel_dao
 .text          0x0000000000412523      0x53e contiki-native.a(rpl-ext-header.)
                0x0000000000412523                rpl_verify_header
                0x0000000000412623                rpl_update_header_empty
                0x0000000000412849                rpl_update_header_final
                0x0000000000412927                rpl_remove_header
                0x00000000004129a1                rpl_invert_header
                0x0000000000412a3f                rpl_insert_header
 .text          0x0000000000412a61      0x2e2 contiki-native.a(rpl.o)
                0x0000000000412a61                rpl_get_mode
                0x0000000000412a68                rpl_set_mode
                0x0000000000412abc                rpl_purge_routes
                0x0000000000412b4f                rpl_remove_routes
                0x0000000000412b81                rpl_remove_routes_by_nexthop
                0x0000000000412be1                rpl_add_route
                0x0000000000412c1c                rpl_link_neighbor_callback
                0x0000000000412ca7                rpl_ipv6_neighbor_callback
                0x0000000000412cd6                rpl_init
 .text          0x0000000000412d43      0x129 contiki-native.a(rpl-mrhof.o)
 .text          0x0000000000412e6c      0x295 contiki-native.a(queuebuf.o)
                0x0000000000412e6c                queuebuf_init
                0x0000000000412e93                queuebuf_numfree
                0x0000000000412ebb                queuebuf_new_from_packetbuf
                0x0000000000412f6f                queuebuf_update_attr_from_packetbuf
                0x0000000000412f8e                queuebuf_update_from_packetbuf
                0x0000000000412fb6                queuebuf_free
                0x0000000000413007                queuebuf_to_packetbuf
                0x0000000000413092                queuebuf_dataptr
                0x00000000004130ca                queuebuf_datalen
                0x00000000004130d5                queuebuf_addr
                0x00000000004130ef                queuebuf_attr
                0x00000000004130ff                queuebuf_debug_print
 .text          0x0000000000413101      0x4fb contiki-native.a(nbr-table.o)
                0x000000000041324d                nbr_table_register
                0x000000000041327e                nbr_table_next
                0x00000000004132ee                nbr_table_head
                0x0000000000413342                nbr_table_add_lladdr
                0x0000000000413525                nbr_table_get_from_lladdr
                0x0000000000413565                nbr_table_remove
                0x00000000004135a4                nbr_table_lock
                0x00000000004135bb                nbr_table_unlock
                0x00000000004135d2                nbr_table_get_lladdr
 .text          0x00000000004135fc      0x43e contiki-native.a(packetbuf.o)
                0x00000000004135fc                packetbuf_clear_hdr
                0x0000000000413604                packetbuf_copyto_hdr
                0x000000000041362e                packetbuf_copyto
                0x00000000004136a7                packetbuf_hdr_remove
                0x00000000004136af                packetbuf_hdrreduce
                0x00000000004136d6                packetbuf_set_datalen
                0x00000000004136de                packetbuf_dataptr
                0x00000000004136ec                packetbuf_hdrptr
                0x00000000004136fa                packetbuf_is_reference
                0x000000000041370c                packetbuf_compact
                0x0000000000413790                packetbuf_reference_ptr
                0x0000000000413798                packetbuf_datalen
                0x00000000004137a0                packetbuf_hdrlen
                0x00000000004137b8                packetbuf_totlen
                0x00000000004137c8                packetbuf_hdralloc
                0x0000000000413803                packetbuf_attr_clear
                0x0000000000413848                packetbuf_clear
                0x000000000041387a                packetbuf_copyfrom
                0x00000000004138ba                packetbuf_reference
                0x00000000004138df                packetbuf_attr_copyto
                0x0000000000413955                packetbuf_attr_copyfrom
                0x00000000004139cb                packetbuf_set_attr
                0x00000000004139dd                packetbuf_attr
                0x00000000004139ea                packetbuf_set_addr
                0x0000000000413a0f                packetbuf_addr
                0x0000000000413a22                packetbuf_holds_broadcast
 .text          0x0000000000413a3a       0x21 contiki-native.a(netstack.o)
                0x0000000000413a3a                netstack_init
 .text          0x0000000000413a5b       0x31 contiki-native.a(linkaddr.o)
                0x0000000000413a5b                linkaddr_copy
                0x0000000000413a62                linkaddr_cmp
                0x0000000000413a7d                linkaddr_set_node_addr
 .text          0x0000000000413a8c       0x44 contiki-native.a(nullmac.o)
 .text          0x0000000000413ad0      0x27f contiki-native.a(framer-802154.o)
 .text          0x0000000000413d4f      0x38d contiki-native.a(frame802154.o)
                0x0000000000413dbd                frame802154_hdrlen
                0x0000000000413df0                frame802154_create
                0x0000000000413f14                frame802154_parse
 .text          0x00000000004140dc       0x1b contiki-native.a(mac.o)
                0x00000000004140dc                mac_call_sent_callback
 .text          0x00000000004140f7       0x26 contiki-native.a(framer.o)
                0x00000000004140f7                framer_canonical_create_and_secure
 .text          0x000000000041411d       0x54 contiki-native.a(nullsec.o)
 .text          0x0000000000414171       0x5e contiki-native.a(clock.o)
                0x0000000000414171                clock_time
                0x00000000004141b3                clock_seconds
                0x00000000004141cd                clock_delay
 .text          0x00000000004141cf       0x99 contiki-native.a(rtimer-arch.o)
                0x00000000004141e7                rtimer_arch_init
                0x00000000004141ff                rtimer_arch_schedule
 .text          0x0000000000414268       0x16 contiki-native.a(watchdog.o)
                0x0000000000414268                watchdog_init
                0x000000000041426a                watchdog_start
                0x000000000041426c                watchdog_periodic
                0x000000000041426e                watchdog_stop
                0x0000000000414270                watchdog_reboot
 .text          0x000000000041427e       0x70 contiki-native.a(stimer.o)
                0x000000000041427e                stimer_set
                0x0000000000414290                stimer_reset
                0x0000000000414298                stimer_restart
                0x00000000004142a6                stimer_expired
                0x00000000004142cb                stimer_remaining
                0x00000000004142e0                stimer_elapsed
 .text          0x00000000004142ee       0x54 contiki-native.a(nullradio.o)
 .text          0x0000000000414342       0x1f contiki-native.a(random.o)
                0x0000000000414342                random_init
                0x0000000000414353                random_rand
 .text          0x0000000000414361      0x721 contiki-native.a(uip-icmp6.o)
                0x00000000004146b6                uip_icmp6_input
                0x0000000000414722                uip_icmp6_register_input_handler
                0x0000000000414738                uip_icmp6_error_output
                0x0000000000414966                uip_icmp6_send
                0x0000000000414a2a                uip_icmp6_echo_reply_callback_add
                0x0000000000414a4f                uip_icmp6_echo_reply_callback_rm
                0x0000000000414a65                uip_icmp6_init
 .text          0x0000000000414a82      0xdda contiki-native.a(rpl-icmp6.o)
                0x0000000000414e99                dis_output
                0x0000000000414f0e                dio_output
                0x00000000004152ae                dao_output_target
                0x00000000004153c4                dao_output
                0x0000000000415429                dao_ack_output
                0x000000000041582b                rpl_icmp6_register_handlers
 *fill*         0x000000000041585c        0x4 
 .text          0x0000000000415860       0x72 /usr/lib/x86_64-linux-gnu/libc_nonshared.a(elf-init.oS)
                0x0000000000415860                __libc_csu_init
                0x00000000004158d0                __libc_csu_fini
 *fill*         0x00000000004158d2        0xe 
 .text          0x00000000004158e0       0x1a /usr/lib/x86_64-linux-gnu/libc_nonshared.a(atexit.oS)
                0x00000000004158e0                atexit
 .text          0x00000000004158fa        0x0 /usr/lib/gcc/x86_64-linux-gnu/4.9/crtend.o
 .text          0x00000000004158fa        0x0 /usr/lib/gcc/x86_64-linux-gnu/4.9/../../../x86_64-linux-gnu/crtn.o
 *(.gnu.warning)

.fini           0x00000000004158fc        0x9
 *(SORT(.fini))
 .fini          0x00000000004158fc        0x4 /usr/lib/gcc/x86_64-linux-gnu/4.9/../../../x86_64-linux-gnu/crti.o
                0x00000000004158fc                _fini
 .fini          0x0000000000415900        0x5 /usr/lib/gcc/x86_64-linux-gnu/4.9/../../../x86_64-linux-gnu/crtn.o
                0x0000000000415905                PROVIDE (__etext, .)
                0x0000000000415905                PROVIDE (_etext, .)
                0x0000000000415905                PROVIDE (etext, .)

.rodata         0x0000000000415940     0x1430
 *(.rodata .rodata.* .gnu.linkonce.r.*)
 .rodata.cst4   0x0000000000415940        0x4 /usr/lib/gcc/x86_64-linux-gnu/4.9/../../../x86_64-linux-gnu/crt1.o
                0x0000000000415940                _IO_stdin_used
 .rodata.str1.1
                0x0000000000415944      0x103 border-router.co
                                        0x109 (size before relaxing)
 *fill*         0x0000000000415a47        0x1 
 .rodata.str1.8
                0x0000000000415a48       0x57 border-router.co
 *fill*         0x0000000000415a9f        0x1 
 .rodata        0x0000000000415aa0       0x30 border-router.co
                0x0000000000415aa0                autostart_processes
                0x0000000000415ac0                cmd_handlers
 .rodata.str1.1
                0x0000000000415ad0       0x63 obj_native/border-router-cmds.o
 .rodata.str1.1
                0x0000000000415b33       0x97 obj_native/tun-bridge.o
                                         0x9b (size before relaxing)
 *fill*         0x0000000000415bca        0x6 
 .rodata.str1.8
                0x0000000000415bd0       0x6f obj_native/tun-bridge.o
 *fill*         0x0000000000415c3f        0x1 
 .rodata        0x0000000000415c40       0x20 obj_native/tun-bridge.o
                0x0000000000415c40                rpl_interface
 .rodata.str1.1
                0x0000000000415c60        0x7 obj_native/border-router-rdc.o
 *fill*         0x0000000000415c67       0x19 
 .rodata        0x0000000000415c80       0x40 obj_native/border-router-rdc.o
                0x0000000000415c80                border_router_rdc_driver
 .rodata.str1.1
                0x0000000000415cc0       0x5d obj_native/slip-config.o
 *fill*         0x0000000000415d1d        0x3 
 .rodata.str1.8
                0x0000000000415d20      0x4de obj_native/slip-config.o
 *fill*         0x00000000004161fe        0x2 
 .rodata        0x0000000000416200      0x1a8 obj_native/slip-config.o
 .rodata.str1.1
                0x00000000004163a8      0x130 obj_native/slip-dev.o
                                        0x132 (size before relaxing)
 .rodata.str1.8
                0x00000000004164d8       0xd5 obj_native/slip-dev.o
 *fill*         0x00000000004165ad        0x3 
 .rodata        0x00000000004165b0       0x30 obj_native/slip-dev.o
 .rodata.str1.8
                0x00000000004165e0       0x59 obj_native/httpd-simple.o
 *fill*         0x0000000000416639        0x7 
 .rodata        0x0000000000416640      0x13c obj_native/httpd-simple.o
                0x0000000000416640                http_index_html
                0x000000000041664c                http_get
                0x0000000000416680                http_header_404
                0x0000000000416700                http_header_200
                0x0000000000416760                http_content_type_html
 .rodata.str1.1
                0x000000000041677c       0x11 contiki-native.a(cmd.o)
 *fill*         0x000000000041678d        0x3 
 .rodata.str1.8
                0x0000000000416790       0x50 contiki-native.a(contiki-main.o)
                                         0x4b (size before relaxing)
 .rodata.str1.1
                0x00000000004167e0       0x5a contiki-native.a(contiki-main.o)
                                         0x62 (size before relaxing)
 *fill*         0x000000000041683a        0x6 
 .rodata        0x0000000000416840       0x18 contiki-native.a(contiki-main.o)
 .rodata.str1.1
                0x0000000000416858        0x7 contiki-native.a(button-sensor.o)
 *fill*         0x000000000041685f        0x1 
 .rodata        0x0000000000416860       0x20 contiki-native.a(button-sensor.o)
                0x0000000000416860                button_sensor
 .rodata.str1.1
                0x0000000000416880        0x4 contiki-native.a(pir-sensor.o)
 *fill*         0x0000000000416884       0x1c 
 .rodata        0x00000000004168a0       0x20 contiki-native.a(pir-sensor.o)
                0x00000000004168a0                pir_sensor
 .rodata.str1.1
                0x00000000004168c0        0xa contiki-native.a(vib-sensor.o)
 *fill*         0x00000000004168ca       0x16 
 .rodata        0x00000000004168e0       0x20 contiki-native.a(vib-sensor.o)
                0x00000000004168e0                vib_sensor
 .rodata.str1.1
                0x0000000000416900        0x8 contiki-native.a(sensors.o)
 .rodata.str1.1
                0x0000000000416908        0xf contiki-native.a(ctimer.o)
 .rodata.str1.1
                0x0000000000416917        0xc contiki-native.a(etimer.o)
 .rodata.str1.1
                0x0000000000416923        0xe contiki-native.a(serial-line.o)
 *fill*         0x0000000000416931        0x7 
 .rodata        0x0000000000416938      0x270 contiki-native.a(uip6.o)
 .rodata.str1.1
                0x0000000000416ba8        0xb contiki-native.a(sicslowpan.o)
 *fill*         0x0000000000416bb3        0xd 
 .rodata        0x0000000000416bc0       0x2a contiki-native.a(sicslowpan.o)
                0x0000000000416bc0                sicslowpan_driver
                0x0000000000416bdc                llprefix
                0x0000000000416bde                unc_mxconf
                0x0000000000416be2                unc_ctxconf
                0x0000000000416be6                unc_llconf
 .rodata.str1.1
                0x0000000000416bea       0x12 contiki-native.a(uip-debug.o)
                                         0x1a (size before relaxing)
 .rodata.str1.1
                0x0000000000416bfc        0xd contiki-native.a(tcpip.o)
 .rodata        0x0000000000416c09        0x8 contiki-native.a(linkaddr.o)
                0x0000000000416c09                linkaddr_null
 .rodata.str1.1
                0x0000000000416c11        0x8 contiki-native.a(nullmac.o)
 *fill*         0x0000000000416c19        0x7 
 .rodata        0x0000000000416c20       0x38 contiki-native.a(nullmac.o)
                0x0000000000416c20                nullmac_driver
 *fill*         0x0000000000416c58        0x8 
 .rodata        0x0000000000416c60       0x20 contiki-native.a(framer-802154.o)
                0x0000000000416c60                framer_802154
 .rodata.str1.1
                0x0000000000416c80        0x8 contiki-native.a(nullsec.o)
 *fill*         0x0000000000416c88       0x18 
 .rodata        0x0000000000416ca0       0x30 contiki-native.a(nullsec.o)
                0x0000000000416ca0                nullsec_driver
 *fill*         0x0000000000416cd0       0x30 
 .rodata        0x0000000000416d00       0x70 contiki-native.a(nullradio.o)
                0x0000000000416d00                nullradio_driver

.rodata1
 *(.rodata1)

.eh_frame_hdr   0x0000000000416d70      0xf14
 *(.eh_frame_hdr)
 .eh_frame_hdr  0x0000000000416d70      0xf14 /usr/lib/gcc/x86_64-linux-gnu/4.9/../../../x86_64-linux-gnu/crt1.o

.eh_frame       0x0000000000417c88     0x3d2c
 *(.eh_frame)
 .eh_frame      0x0000000000417c88       0x30 /usr/lib/gcc/x86_64-linux-gnu/4.9/../../../x86_64-linux-gnu/crt1.o
 .eh_frame      0x0000000000417cb8       0x40 /usr/lib/gcc/x86_64-linux-gnu/4.9/../../../x86_64-linux-gnu/crt1.o
 .eh_frame      0x0000000000417cf8      0x140 border-router.co
 .eh_frame      0x0000000000417e38       0x70 obj_native/border-router-cmds.o
                                         0x80 (size before relaxing)
 .eh_frame      0x0000000000417ea8      0x188 obj_native/tun-bridge.o
 .eh_frame      0x0000000000418030      0x128 obj_native/border-router-rdc.o
 .eh_frame      0x0000000000418158       0x40 obj_native/slip-config.o
                                         0x58 (size before relaxing)
 .eh_frame      0x0000000000418198      0x190 obj_native/slip-dev.o
                                        0x188 (size before relaxing)
 .eh_frame      0x0000000000418328       0xb8 obj_native/httpd-simple.o
                                         0xc0 (size before relaxing)
 .eh_frame      0x00000000004183e0       0x48 contiki-native.a(cmd.o)
                                         0x60 (size before relaxing)
 .eh_frame      0x0000000000418428       0x80 contiki-native.a(packetutils.o)
                                         0x90 (size before relaxing)
 .eh_frame      0x00000000004184a8       0xb0 contiki-native.a(contiki-main.o)
                                         0xc0 (size before relaxing)
 .eh_frame      0x0000000000418558       0x60 contiki-native.a(button-sensor.o)
                                         0x70 (size before relaxing)
 .eh_frame      0x00000000004185b8       0x60 contiki-native.a(pir-sensor.o)
                                         0x70 (size before relaxing)
 .eh_frame      0x0000000000418618       0x60 contiki-native.a(vib-sensor.o)
                                         0x70 (size before relaxing)
 .eh_frame      0x0000000000418678       0xa8 contiki-native.a(sensors.o)
                                         0xb0 (size before relaxing)
 .eh_frame      0x0000000000418720       0x50 contiki-native.a(autostart.o)
                                         0x68 (size before relaxing)
 .eh_frame      0x0000000000418770      0x100 contiki-native.a(ctimer.o)
                                        0x110 (size before relaxing)
 .eh_frame      0x0000000000418870      0x190 contiki-native.a(etimer.o)
                                        0x180 (size before relaxing)
 .eh_frame      0x0000000000418a00      0x178 contiki-native.a(process.o)
                                        0x170 (size before relaxing)
 .eh_frame      0x0000000000418b78       0x48 contiki-native.a(rtimer.o)
                                         0x60 (size before relaxing)
 .eh_frame      0x0000000000418bc0       0x98 contiki-native.a(timer.o)
                                         0xa0 (size before relaxing)
 .eh_frame      0x0000000000418c58       0x58 contiki-native.a(serial-line.o)
                                         0x70 (size before relaxing)
 .eh_frame      0x0000000000418cb0       0x90 contiki-native.a(ringbuf.o)
 .eh_frame      0x0000000000418d40      0x140 contiki-native.a(list.o)
                                        0x128 (size before relaxing)
 .eh_frame      0x0000000000418e80       0x80 contiki-native.a(memb.o)
                                         0x88 (size before relaxing)
 .eh_frame      0x0000000000418f00      0x2e8 contiki-native.a(uip-ds6.o)
                                        0x2c8 (size before relaxing)
 .eh_frame      0x00000000004191e8      0x2b0 contiki-native.a(uip-ds6-route.o)
                                        0x2a8 (size before relaxing)
 .eh_frame      0x0000000000419498      0x210 contiki-native.a(uip6.o)
                                        0x1f0 (size before relaxing)
 .eh_frame      0x00000000004196a8      0x1c8 contiki-native.a(uip-ds6-nbr.o)
                                        0x1d0 (size before relaxing)
 .eh_frame      0x0000000000419870       0xb8 contiki-native.a(uip-nd6.o)
                                         0xc8 (size before relaxing)
 .eh_frame      0x0000000000419928      0x1c0 contiki-native.a(sicslowpan.o)
                                        0x1b8 (size before relaxing)
 .eh_frame      0x0000000000419ae8       0x70 contiki-native.a(uip-debug.o)
                                         0x80 (size before relaxing)
 .eh_frame      0x0000000000419b58       0xd0 contiki-native.a(uip-packetqueue)
 .eh_frame      0x0000000000419c28       0xe0 contiki-native.a(psock.o)
 .eh_frame      0x0000000000419d08      0x210 contiki-native.a(tcpip.o)
                                        0x208 (size before relaxing)
 .eh_frame      0x0000000000419f18       0x50 contiki-native.a(uiplib.o)
                                         0x68 (size before relaxing)
 .eh_frame      0x0000000000419f68      0x618 contiki-native.a(rpl-dag.o)
                                        0x5d0 (size before relaxing)
 .eh_frame      0x000000000041a580      0x150 contiki-native.a(rpl-timers.o)
                                        0x158 (size before relaxing)
 .eh_frame      0x000000000041a6d0       0xe0 contiki-native.a(rpl-ext-header.)
                                         0xf0 (size before relaxing)
 .eh_frame      0x000000000041a7b0      0x118 contiki-native.a(rpl.o)
                                        0x120 (size before relaxing)
 .eh_frame      0x000000000041a8c8       0x90 contiki-native.a(rpl-mrhof.o)
 .eh_frame      0x000000000041a958      0x158 contiki-native.a(queuebuf.o)
 .eh_frame      0x000000000041aab0      0x220 contiki-native.a(nbr-table.o)
                                        0x210 (size before relaxing)
 .eh_frame      0x000000000041acd0      0x2e0 contiki-native.a(packetbuf.o)
                                        0x2b0 (size before relaxing)
 .eh_frame      0x000000000041afb0       0x18 contiki-native.a(netstack.o)
                                         0x30 (size before relaxing)
 .eh_frame      0x000000000041afc8       0x48 contiki-native.a(linkaddr.o)
                                         0x58 (size before relaxing)
 .eh_frame      0x000000000041b010       0x90 contiki-native.a(nullmac.o)
                                         0xa0 (size before relaxing)
 .eh_frame      0x000000000041b0a0       0x80 contiki-native.a(framer-802154.o)
                                         0x98 (size before relaxing)
 .eh_frame      0x000000000041b120       0xb0 contiki-native.a(frame802154.o)
                                         0xc0 (size before relaxing)
 .eh_frame      0x000000000041b1d0       0x18 contiki-native.a(mac.o)
                                         0x30 (size before relaxing)
 .eh_frame      0x000000000041b1e8       0x20 contiki-native.a(framer.o)
                                         0x38 (size before relaxing)
 .eh_frame      0x000000000041b208       0x88 contiki-native.a(nullsec.o)
                                         0x98 (size before relaxing)
 .eh_frame      0x000000000041b290       0x48 contiki-native.a(clock.o)
                                         0x60 (size before relaxing)
 .eh_frame      0x000000000041b2d8       0x50 contiki-native.a(rtimer-arch.o)
                                         0x68 (size before relaxing)
 .eh_frame      0x000000000041b328       0x78 contiki-native.a(watchdog.o)
                                         0x80 (size before relaxing)
 .eh_frame      0x000000000041b3a0       0xb8 contiki-native.a(stimer.o)
 .eh_frame      0x000000000041b458      0x150 contiki-native.a(nullradio.o)
                                        0x130 (size before relaxing)
 .eh_frame      0x000000000041b5a8       0x30 contiki-native.a(random.o)
                                         0x48 (size before relaxing)
 .eh_frame      0x000000000041b5d8      0x150 contiki-native.a(uip-icmp6.o)
                                        0x160 (size before relaxing)
 .eh_frame      0x000000000041b728      0x210 contiki-native.a(rpl-icmp6.o)
                                        0x208 (size before relaxing)
 .eh_frame      0x000000000041b938       0x60 /usr/lib/x86_64-linux-gnu/libc_nonshared.a(elf-init.oS)
                                         0x78 (size before relaxing)
 .eh_frame      0x000000000041b998       0x18 /usr/lib/x86_64-linux-gnu/libc_nonshared.a(atexit.oS)
                                         0x30 (size before relaxing)
 .eh_frame      0x000000000041b9b0        0x4 /usr/lib/gcc/x86_64-linux-gnu/4.9/crtend.o

.gcc_except_table
 *(.gcc_except_table .gcc_except_table.*)

.exception_ranges
 *(.exception_ranges .exception_ranges*)
                0x000000000041b9b4                . = (ALIGN (0x200000) - ((0x200000 - .) & 0x1fffff))
                0x000000000061b9b4                . = DATA_SEGMENT_ALIGN (0x200000, 0x1000)

.eh_frame
 *(.eh_frame)

.gcc_except_table
 *(.gcc_except_table .gcc_except_table.*)

.exception_ranges
 *(.exception_ranges .exception_ranges*)

.tdata
 *(.tdata .tdata.* .gnu.linkonce.td.*)

.tbss
 *(.tbss .tbss.* .gnu.linkonce.tb.*)
 *(.tcommon)

.preinit_array  0x000000000061b9b4        0x0
                0x000000000061b9b4                PROVIDE (__preinit_array_start, .)
 *(.preinit_array)
                0x000000000061b9b4                PROVIDE (__preinit_array_end, .)

.init_array     0x000000000061b9b8        0x8
                0x000000000061b9b8                PROVIDE (__init_array_start, .)
 *(SORT(.init_array.*) SORT(.ctors.*))
 *(.init_array EXCLUDE_FILE(*crtend?.o *crtend.o *crtbegin?.o *crtbegin.o) .ctors)
 .init_array    0x000000000061b9b8        0x8 /usr/lib/gcc/x86_64-linux-gnu/4.9/crtbegin.o
                0x000000000061b9c0                PROVIDE (__init_array_end, .)

.fini_array     0x000000000061b9c0        0x8
                0x000000000061b9c0                PROVIDE (__fini_array_start, .)
 *(SORT(.fini_array.*) SORT(.dtors.*))
 *(.fini_array EXCLUDE_FILE(*crtend?.o *crtend.o *crtbegin?.o *crtbegin.o) .dtors)
 .fini_array    0x000000000061b9c0        0x8 /usr/lib/gcc/x86_64-linux-gnu/4.9/crtbegin.o
                0x000000000061b9c8                PROVIDE (__fini_array_end, .)

.ctors
 *crtbegin.o(.ctors)
 *crtbegin?.o(.ctors)
 *(EXCLUDE_FILE(*crtend?.o *crtend.o) .ctors)
 *(SORT(.ctors.*))
 *(.ctors)

.dtors
 *crtbegin.o(.dtors)
 *crtbegin?.o(.dtors)
 *(EXCLUDE_FILE(*crtend?.o *crtend.o) .dtors)
 *(SORT(.dtors.*))
 *(.dtors)

.jcr            0x000000000061b9c8        0x8
 *(.jcr)
 .jcr           0x000000000061b9c8        0x0 /usr/lib/gcc/x86_64-linux-gnu/4.9/crtbegin.o
 .jcr           0x000000000061b9c8        0x8 /usr/lib/gcc/x86_64-linux-gnu/4.9/crtend.o

.data.rel.ro
 *(.data.rel.ro.local* .gnu.linkonce.d.rel.ro.local.*)
 *(.data.rel.ro .data.rel.ro.* .gnu.linkonce.d.rel.ro.*)

.dynamic        0x000000000061b9d0      0x1f0
 *(.dynamic)
 .dynamic       0x000000000061b9d0      0x1f0 /usr/lib/gcc/x86_64-linux-gnu/4.9/../../../x86_64-linux-gnu/crt1.o
                0x000000000061b9d0                _DYNAMIC

.got            0x000000000061bbc0        0x8
 *(.got)
 .got           0x000000000061bbc0        0x8 /usr/lib/gcc/x86_64-linux-gnu/4.9/../../../x86_64-linux-gnu/crt1.o
 *(.igot)
                0x000000000061bbc8                . = DATA_SEGMENT_RELRO_END (., (SIZEOF (.got.plt) >= 0x18)?0x18:0x0)

.got.plt        0x000000000061bbc8      0x1d8
 *(.got.plt)
 .got.plt       0x000000000061bbc8      0x1d8 /usr/lib/gcc/x86_64-linux-gnu/4.9/../../../x86_64-linux-gnu/crt1.o
                0x000000000061bbc8                _GLOBAL_OFFSET_TABLE_
 *(.igot.plt)
 .igot.plt      0x000000000061bda0        0x0 /usr/lib/gcc/x86_64-linux-gnu/4.9/../../../x86_64-linux-gnu/crt1.o

.data           0x000000000061bda0      0x439
 *(.data .data.* .gnu.linkonce.d.*)
 .data          0x000000000061bda0        0x4 /usr/lib/gcc/x86_64-linux-gnu/4.9/../../../x86_64-linux-gnu/crt1.o
                0x000000000061bda0                data_start
                0x000000000061bda0                __data_start
 .data          0x000000000061bda4        0x0 /usr/lib/gcc/x86_64-linux-gnu/4.9/../../../x86_64-linux-gnu/crti.o
 *fill*         0x000000000061bda4        0x4 
 .data          0x000000000061bda8        0x8 /usr/lib/gcc/x86_64-linux-gnu/4.9/crtbegin.o
                0x000000000061bda8                __dso_handle
 *fill*         0x000000000061bdb0       0x10 
 .data          0x000000000061bdc0       0x40 border-router.co
                0x000000000061bdc0                webserver_nogui_process
                0x000000000061bde0                border_router_process
 .data          0x000000000061be00       0x20 obj_native/border-router-cmds.o
                0x000000000061be00                border_router_cmd_process
 .data          0x000000000061be20        0x0 obj_native/tun-bridge.o
 .data          0x000000000061be20        0x0 obj_native/border-router-rdc.o
 .data          0x000000000061be20        0x4 obj_native/slip-config.o
                0x000000000061be20                slip_config_b_rate
 .data          0x000000000061be24        0x0 obj_native/slip-dev.o
 *fill*         0x000000000061be24        0xc 
 .data          0x000000000061be30       0x18 obj_native/httpd-simple.o
 .data          0x000000000061be48        0x0 contiki-native.a(cmd.o)
 .data          0x000000000061be48        0x0 contiki-native.a(packetutils.o)
 *fill*         0x000000000061be48       0x18 
 .data          0x000000000061be60       0x20 contiki-native.a(contiki-main.o)
                0x000000000061be60                sensors
 .data          0x000000000061be80        0x0 contiki-native.a(button-sensor.o)
 .data          0x000000000061be80        0x0 contiki-native.a(pir-sensor.o)
 .data          0x000000000061be80        0x0 contiki-native.a(vib-sensor.o)
 .data          0x000000000061be80       0x20 contiki-native.a(sensors.o)
                0x000000000061be80                sensors_process
 .data          0x000000000061bea0        0x0 contiki-native.a(autostart.o)
 .data          0x000000000061bea0       0x20 contiki-native.a(ctimer.o)
                0x000000000061bea0                ctimer_process
 .data          0x000000000061bec0       0x20 contiki-native.a(etimer.o)
                0x000000000061bec0                etimer_process
 .data          0x000000000061bee0        0x0 contiki-native.a(process.o)
 .data          0x000000000061bee0        0x0 contiki-native.a(rtimer.o)
 .data          0x000000000061bee0        0x0 contiki-native.a(timer.o)
 .data          0x000000000061bee0       0x20 contiki-native.a(serial-line.o)
                0x000000000061bee0                serial_line_process
 .data          0x000000000061bf00        0x0 contiki-native.a(ringbuf.o)
 .data          0x000000000061bf00        0x0 contiki-native.a(list.o)
 .data          0x000000000061bf00        0x0 contiki-native.a(memb.o)
 .data          0x000000000061bf00        0x0 contiki-native.a(uip-ds6.o)
 .data          0x000000000061bf00       0x78 contiki-native.a(uip-ds6-route.o)
 .data          0x000000000061bf78        0x0 contiki-native.a(uip6.o)
 *fill*         0x000000000061bf78        0x8 
 .data          0x000000000061bf80       0x28 contiki-native.a(uip-ds6-nbr.o)
                0x000000000061bf80                ds6_neighbors
 *fill*         0x000000000061bfa8        0x8 
 .data          0x000000000061bfb0       0x38 contiki-native.a(uip-nd6.o)
 .data          0x000000000061bfe8        0x0 contiki-native.a(sicslowpan.o)
 .data          0x000000000061bfe8        0x0 contiki-native.a(uip-debug.o)
 *fill*         0x000000000061bfe8        0x8 
 .data          0x000000000061bff0       0x18 contiki-native.a(uip-packetqueue)
 .data          0x000000000061c008        0x0 contiki-native.a(psock.o)
 *fill*         0x000000000061c008       0x18 
 .data          0x000000000061c020       0x20 contiki-native.a(tcpip.o)
                0x000000000061c020                tcpip_process
 .data          0x000000000061c040        0x0 contiki-native.a(uiplib.o)
 .data          0x000000000061c040       0x18 contiki-native.a(rpl-dag.o)
 .data          0x000000000061c058        0x0 contiki-native.a(rpl-timers.o)
 .data          0x000000000061c058        0x0 contiki-native.a(rpl-ext-header.)
 .data          0x000000000061c058        0x0 contiki-native.a(rpl.o)
 *fill*         0x000000000061c058        0x8 
 .data          0x000000000061c060       0x38 contiki-native.a(rpl-mrhof.o)
                0x000000000061c060                rpl_mrhof
 *fill*         0x000000000061c098        0x8 
 .data          0x000000000061c0a0       0x58 contiki-native.a(queuebuf.o)
 *fill*         0x000000000061c0f8        0x8 
 .data          0x000000000061c100       0x18 contiki-native.a(nbr-table.o)
 .data          0x000000000061c118        0x0 contiki-native.a(packetbuf.o)
 .data          0x000000000061c118        0x0 contiki-native.a(netstack.o)
 .data          0x000000000061c118        0x0 contiki-native.a(linkaddr.o)
 .data          0x000000000061c118        0x0 contiki-native.a(nullmac.o)
 .data          0x000000000061c118        0x0 contiki-native.a(framer-802154.o)
 .data          0x000000000061c118        0x0 contiki-native.a(frame802154.o)
 .data          0x000000000061c118        0x0 contiki-native.a(mac.o)
 .data          0x000000000061c118        0x0 contiki-native.a(framer.o)
 .data          0x000000000061c118        0x0 contiki-native.a(nullsec.o)
 .data          0x000000000061c118        0x0 contiki-native.a(clock.o)
 .data          0x000000000061c118        0x0 contiki-native.a(rtimer-arch.o)
 .data          0x000000000061c118        0x0 contiki-native.a(watchdog.o)
 .data          0x000000000061c118        0x0 contiki-native.a(stimer.o)
 .data          0x000000000061c118        0x0 contiki-native.a(nullradio.o)
 .data          0x000000000061c118        0x0 contiki-native.a(random.o)
 *fill*         0x000000000061c118        0x8 
 .data          0x000000000061c120       0x38 contiki-native.a(uip-icmp6.o)
 *fill*         0x000000000061c158        0x8 
 .data          0x000000000061c160       0x79 contiki-native.a(rpl-icmp6.o)
 .data          0x000000000061c1d9        0x0 /usr/lib/x86_64-linux-gnu/libc_nonshared.a(elf-init.oS)
 .data          0x000000000061c1d9        0x0 /usr/lib/x86_64-linux-gnu/libc_nonshared.a(atexit.oS)
 .data          0x000000000061c1d9        0x0 /usr/lib/gcc/x86_64-linux-gnu/4.9/crtend.o
 .data          0x000000000061c1d9        0x0 /usr/lib/gcc/x86_64-linux-gnu/4.9/../../../x86_64-linux-gnu/crtn.o

.tm_clone_table
                0x000000000061c1e0        0x0
 .tm_clone_table
                0x000000000061c1e0        0x0 /usr/lib/gcc/x86_64-linux-gnu/4.9/crtbegin.o
 .tm_clone_table
                0x000000000061c1e0        0x0 /usr/lib/gcc/x86_64-linux-gnu/4.9/crtend.o

.data1
 *(.data1)
                0x000000000061c1e0                _edata = .
                0x000000000061c1e0                PROVIDE (edata, .)
                0x000000000061c1e0                . = .
                0x000000000061c1e0                __bss_start = .

.bss            0x000000000061c200     0x6b88
 *(.dynbss)
 .dynbss        0x000000000061c200       0x20 /usr/lib/gcc/x86_64-linux-gnu/4.9/../../../x86_64-linux-gnu/crt1.o
                0x000000000061c200                stdout@@GLIBC_2.2.5
                0x000000000061c208                optind@@GLIBC_2.2.5
                0x000000000061c210                optarg@@GLIBC_2.2.5
                0x000000000061c218                stderr@@GLIBC_2.2.5
 *(.bss .bss.* .gnu.linkonce.b.*)
 .bss           0x000000000061c220        0x0 /usr/lib/gcc/x86_64-linux-gnu/4.9/../../../x86_64-linux-gnu/crt1.o
 .bss           0x000000000061c220        0x0 /usr/lib/gcc/x86_64-linux-gnu/4.9/../../../x86_64-linux-gnu/crti.o
 .bss           0x000000000061c220        0x1 /usr/lib/gcc/x86_64-linux-gnu/4.9/crtbegin.o
 *fill*         0x000000000061c221       0x1f 
 .bss           0x000000000061c240      0x1a0 border-router.co
 .bss           0x000000000061c3e0        0x0 obj_native/border-router-cmds.o
 .bss           0x000000000061c3e0       0x10 obj_native/tun-bridge.o
 *fill*         0x000000000061c3f0       0x10 
 .bss           0x000000000061c400      0x684 obj_native/border-router-rdc.o
 *fill*         0x000000000061ca84       0x1c 
 .bss           0x000000000061caa0       0x64 obj_native/slip-config.o
                0x000000000061caa0                slip_config_basedelay
                0x000000000061cac0                slip_config_tundev
                0x000000000061cae0                slip_config_port
                0x000000000061cae8                slip_config_host
                0x000000000061caf0                slip_config_siodev
                0x000000000061caf8                slip_config_timestamp
                0x000000000061cafc                slip_config_flowcontrol
                0x000000000061cb00                slip_config_verbose
 *fill*         0x000000000061cb04       0x3c 
 .bss           0x000000000061cb40      0x868 obj_native/slip-dev.o
                0x000000000061cb40                slipfd
                0x000000000061cb48                slip_received
                0x000000000061cb50                slip_sent
 *fill*         0x000000000061d3a8       0x18 
 .bss           0x000000000061d3c0      0x182 obj_native/httpd-simple.o
 .bss           0x000000000061d542        0x0 contiki-native.a(cmd.o)
 .bss           0x000000000061d542        0x0 contiki-native.a(packetutils.o)
 *fill*         0x000000000061d542       0x3e 
 .bss           0x000000000061d580       0x80 contiki-native.a(contiki-main.o)
                0x000000000061d580                contiki_argc
 .bss           0x000000000061d600        0x0 contiki-native.a(button-sensor.o)
 .bss           0x000000000061d600        0x4 contiki-native.a(pir-sensor.o)
 .bss           0x000000000061d604        0x4 contiki-native.a(vib-sensor.o)
 .bss           0x000000000061d608        0x9 contiki-native.a(sensors.o)
 .bss           0x000000000061d611        0x0 contiki-native.a(autostart.o)
 *fill*         0x000000000061d611        0x7 
 .bss           0x000000000061d618       0x10 contiki-native.a(ctimer.o)
 .bss           0x000000000061d628       0x10 contiki-native.a(etimer.o)
 *fill*         0x000000000061d638        0x8 
 .bss           0x000000000061d640      0x343 contiki-native.a(process.o)
                0x000000000061d640                process_current
                0x000000000061d648                process_list
 *fill*         0x000000000061d983        0x5 
 .bss           0x000000000061d988        0x8 contiki-native.a(rtimer.o)
 .bss           0x000000000061d990        0x0 contiki-native.a(timer.o)
 *fill*         0x000000000061d990       0x30 
 .bss           0x000000000061d9c0      0x190 contiki-native.a(serial-line.o)
 .bss           0x000000000061db50        0x0 contiki-native.a(ringbuf.o)
 .bss           0x000000000061db50        0x0 contiki-native.a(list.o)
 .bss           0x000000000061db50        0x0 contiki-native.a(memb.o)
 .bss           0x000000000061db50       0x30 contiki-native.a(uip-ds6.o)
 .bss           0x000000000061db80      0xc60 contiki-native.a(uip-ds6-route.o)
 .bss           0x000000000061e7e0        0xf contiki-native.a(uip6.o)
                0x000000000061e7e0                uip_ext_opt_offset
                0x000000000061e7e1                uip_ext_len
                0x000000000061e7e2                uip_ext_bitmap
 *fill*         0x000000000061e7ef       0x11 
 .bss           0x000000000061e800      0x780 contiki-native.a(uip-ds6-nbr.o)
 .bss           0x000000000061ef80       0x21 contiki-native.a(uip-nd6.o)
 *fill*         0x000000000061efa1       0x1f 
 .bss           0x000000000061efc0      0x5a0 contiki-native.a(sicslowpan.o)
 .bss           0x000000000061f560        0x0 contiki-native.a(uip-debug.o)
 *fill*         0x000000000061f560       0x20 
 .bss           0x000000000061f580      0xab2 contiki-native.a(uip-packetqueue)
 .bss           0x0000000000620032        0x0 contiki-native.a(psock.o)
 *fill*         0x0000000000620032        0xe 
 .bss           0x0000000000620040      0x300 contiki-native.a(tcpip.o)
 .bss           0x0000000000620340        0x0 contiki-native.a(uiplib.o)
 .bss           0x0000000000620340      0x2d0 contiki-native.a(rpl-dag.o)
 *fill*         0x0000000000620610       0x30 
 .bss           0x0000000000620640       0x80 contiki-native.a(rpl-timers.o)
 .bss           0x00000000006206c0        0x0 contiki-native.a(rpl-ext-header.)
 .bss           0x00000000006206c0        0x4 contiki-native.a(rpl.o)
 .bss           0x00000000006206c4        0x0 contiki-native.a(rpl-mrhof.o)
 *fill*         0x00000000006206c4       0x3c 
 .bss           0x0000000000620700      0x444 contiki-native.a(queuebuf.o)
 *fill*         0x0000000000620b44       0x3c 
 .bss           0x0000000000620b80      0x2fe contiki-native.a(nbr-table.o)
 *fill*         0x0000000000620e7e        0x2 
 .bss           0x0000000000620e80       0xf8 contiki-native.a(packetbuf.o)
 .bss           0x0000000000620f78        0x0 contiki-native.a(netstack.o)
 .bss           0x0000000000620f78        0x0 contiki-native.a(linkaddr.o)
 .bss           0x0000000000620f78        0x0 contiki-native.a(nullmac.o)
 .bss           0x0000000000620f78        0x2 contiki-native.a(framer-802154.o)
 .bss           0x0000000000620f7a        0x0 contiki-native.a(frame802154.o)
 .bss           0x0000000000620f7a        0x0 contiki-native.a(mac.o)
 .bss           0x0000000000620f7a        0x0 contiki-native.a(framer.o)
 .bss           0x0000000000620f7a        0x0 contiki-native.a(nullsec.o)
 .bss           0x0000000000620f7a        0x0 contiki-native.a(clock.o)
 .bss           0x0000000000620f7a        0x0 contiki-native.a(rtimer-arch.o)
 .bss           0x0000000000620f7a        0x0 contiki-native.a(watchdog.o)
 .bss           0x0000000000620f7a        0x0 contiki-native.a(stimer.o)
 .bss           0x0000000000620f7a        0x0 contiki-native.a(nullradio.o)
 .bss           0x0000000000620f7a        0x0 contiki-native.a(random.o)
 *fill*         0x0000000000620f7a        0x6 
 .bss           0x0000000000620f80       0x20 contiki-native.a(uip-icmp6.o)
 .bss           0x0000000000620fa0        0x0 contiki-native.a(rpl-icmp6.o)
 .bss           0x0000000000620fa0        0x0 /usr/lib/x86_64-linux-gnu/libc_nonshared.a(elf-init.oS)
 .bss           0x0000000000620fa0        0x0 /usr/lib/x86_64-linux-gnu/libc_nonshared.a(atexit.oS)
 .bss           0x0000000000620fa0        0x0 /usr/lib/gcc/x86_64-linux-gnu/4.9/crtend.o
 .bss           0x0000000000620fa0        0x0 /usr/lib/gcc/x86_64-linux-gnu/4.9/../../../x86_64-linux-gnu/crtn.o
 *(COMMON)
 COMMON         0x0000000000620fa0        0x1 obj_native/border-router-cmds.o
                0x0000000000620fa0                command_context
 *fill*         0x0000000000620fa1        0x7 
 COMMON         0x0000000000620fa8        0x8 obj_native/slip-config.o
                0x0000000000620fa8                slip_config_ipaddr
 *fill*         0x0000000000620fb0       0x10 
 COMMON         0x0000000000620fc0      0x844 obj_native/slip-dev.o
                0x0000000000620fc0                slip_packet_end
                0x0000000000620fc4                slip_begin
                0x0000000000620fc8                slip_end
                0x0000000000621000                slip_buf
                0x0000000000621800                slip_packet_count
 *fill*         0x0000000000621804        0x4 
 COMMON         0x0000000000621808        0xc contiki-native.a(contiki-main.o)
                0x0000000000621808                contiki_argv
                0x0000000000621810                sensors_flags
 COMMON         0x0000000000621814        0x1 contiki-native.a(sensors.o)
                0x0000000000621814                sensors_event
 COMMON         0x0000000000621815        0x1 contiki-native.a(serial-line.o)
                0x0000000000621815                serial_line_event_message
 *fill*         0x0000000000621816       0x2a 
 COMMON         0x0000000000621840      0x1e1 contiki-native.a(uip-ds6.o)
                0x0000000000621840                uip_ds6_prefix_list
                0x00000000006218a0                uip_ds6_timer_periodic
                0x00000000006218c0                uip_ds6_netif_addr_list_offset
                0x0000000000621900                uip_ds6_if
                0x0000000000621a10                uip_ds6_timer_ra
                0x0000000000621a20                uip_ds6_addr_size
 *fill*         0x0000000000621a21       0x1f 
 COMMON         0x0000000000621a40     0x10b8 contiki-native.a(uip6.o)
                0x0000000000621a40                uip_slen
                0x0000000000621a42                uip_acc32
                0x0000000000621a80                uip_conns
                0x0000000000622340                uip_icmp6_conns
                0x0000000000622350                uip_lladdr
                0x0000000000622358                uip_appdata
                0x0000000000622360                uip_flags
                0x0000000000622380                uip_aligned_buf
                0x0000000000622880                uip_listenports
                0x00000000006228d0                uip_len
                0x00000000006228d8                uip_sappdata
                0x0000000000622900                uip_udp_conns
                0x0000000000622ae0                uip_udp_conn
                0x0000000000622ae8                uip_next_hdr
                0x0000000000622af0                uip_conn
 COMMON         0x0000000000622af8        0x8 contiki-native.a(sicslowpan.o)
                0x0000000000622af8                frag_sender
 COMMON         0x0000000000622b00        0x2 contiki-native.a(tcpip.o)
                0x0000000000622b00                tcpip_icmp6_event
                0x0000000000622b01                tcpip_event
 *fill*         0x0000000000622b02       0x3e 
 COMMON         0x0000000000622b40      0x1d0 contiki-native.a(rpl-dag.o)
                0x0000000000622b40                default_instance
                0x0000000000622b80                instance_table
 *fill*         0x0000000000622d10       0x10 
 COMMON         0x0000000000622d20       0x60 contiki-native.a(packetbuf.o)
                0x0000000000622d20                packetbuf_attrs
                0x0000000000622d60                packetbuf_addrs
 COMMON         0x0000000000622d80        0x8 contiki-native.a(linkaddr.o)
                0x0000000000622d80                linkaddr_node_addr
                0x0000000000622d88                . = ALIGN ((. != 0x0)?0x8:0x1)

.lbss
 *(.dynlbss)
 *(.lbss .lbss.* .gnu.linkonce.lb.*)
 *(LARGE_COMMON)
                0x0000000000622d88                . = ALIGN (0x8)
                0x0000000000622d88                . = SEGMENT_START ("ldata-segment", .)

.lrodata
 *(.lrodata .lrodata.* .gnu.linkonce.lr.*)

.ldata          0x0000000000a22d88        0x0
 *(.ldata .ldata.* .gnu.linkonce.l.*)
                0x0000000000a22d88                . = ALIGN ((. != 0x0)?0x8:0x1)
                0x0000000000a22d88                . = ALIGN (0x8)
                0x0000000000a22d88                _end = .
                0x0000000000a22d88                PROVIDE (end, .)
                0x0000000000a22d88                . = DATA_SEGMENT_END (.)

.stab
 *(.stab)

.stabstr
 *(.stabstr)

.stab.excl
 *(.stab.excl)

.stab.exclstr
 *(.stab.exclstr)

.stab.index
 *(.stab.index)

.stab.indexstr
 *(.stab.indexstr)

.comment        0x0000000000000000       0x39
 *(.comment)
 .comment       0x0000000000000000       0x1d /usr/lib/gcc/x86_64-linux-gnu/4.9/crtbegin.o
                                         0x1e (size before relaxing)
 .comment       0x000000000000001d       0x1e border-router.co
 .comment       0x000000000000001d       0x1e obj_native/border-router-cmds.o
 .comment       0x000000000000001d       0x1e obj_native/tun-bridge.o
 .comment       0x000000000000001d       0x1e obj_native/border-router-rdc.o
 .comment       0x000000000000001d       0x1e obj_native/slip-config.o
 .comment       0x000000000000001d       0x1e obj_native/slip-dev.o
 .comment       0x000000000000001d       0x1e obj_native/httpd-simple.o
 .comment       0x000000000000001d       0x1e contiki-native.a(cmd.o)
 .comment       0x000000000000001d       0x1e contiki-native.a(packetutils.o)
 .comment       0x000000000000001d       0x1e contiki-native.a(contiki-main.o)
 .comment       0x000000000000001d       0x1e contiki-native.a(button-sensor.o)
 .comment       0x000000000000001d       0x1e contiki-native.a(pir-sensor.o)
 .comment       0x000000000000001d       0x1e contiki-native.a(vib-sensor.o)
 .comment       0x000000000000001d       0x1e contiki-native.a(sensors.o)
 .comment       0x000000000000001d       0x1e contiki-native.a(autostart.o)
 .comment       0x000000000000001d       0x1e contiki-native.a(ctimer.o)
 .comment       0x000000000000001d       0x1e contiki-native.a(etimer.o)
 .comment       0x000000000000001d       0x1e contiki-native.a(process.o)
 .comment       0x000000000000001d       0x1e contiki-native.a(rtimer.o)
 .comment       0x000000000000001d       0x1e contiki-native.a(timer.o)
 .comment       0x000000000000001d       0x1e contiki-native.a(serial-line.o)
 .comment       0x000000000000001d       0x1e contiki-native.a(ringbuf.o)
 .comment       0x000000000000001d       0x1e contiki-native.a(list.o)
 .comment       0x000000000000001d       0x1e contiki-native.a(memb.o)
 .comment       0x000000000000001d       0x1e contiki-native.a(uip-ds6.o)
 .comment       0x000000000000001d       0x1e contiki-native.a(uip-ds6-route.o)
 .comment       0x000000000000001d       0x1e contiki-native.a(uip6.o)
 .comment       0x000000000000001d       0x1e contiki-native.a(uip-ds6-nbr.o)
 .comment       0x000000000000001d       0x1e contiki-native.a(uip-nd6.o)
 .comment       0x000000000000001d       0x1e contiki-native.a(sicslowpan.o)
 .comment       0x000000000000001d       0x1e contiki-native.a(uip-debug.o)
 .comment       0x000000000000001d       0x1e contiki-native.a(uip-packetqueue)
 .comment       0x000000000000001d       0x1e contiki-native.a(psock.o)
 .comment       0x000000000000001d       0x1e contiki-native.a(tcpip.o)
 .comment       0x000000000000001d       0x1e contiki-native.a(uiplib.o)
 .comment       0x000000000000001d       0x1e contiki-native.a(rpl-dag.o)
 .comment       0x000000000000001d       0x1e contiki-native.a(rpl-timers.o)
 .comment       0x000000000000001d       0x1e contiki-native.a(rpl-ext-header.)
 .comment       0x000000000000001d       0x1e contiki-native.a(rpl.o)
 .comment       0x000000000000001d       0x1e contiki-native.a(rpl-mrhof.o)
 .comment       0x000000000000001d       0x1e contiki-native.a(queuebuf.o)
 .comment       0x000000000000001d       0x1e contiki-native.a(nbr-table.o)
 .comment       0x000000000000001d       0x1e contiki-native.a(packetbuf.o)
 .comment       0x000000000000001d       0x1e contiki-native.a(netstack.o)
 .comment       0x000000000000001d       0x1e contiki-native.a(linkaddr.o)
 .comment       0x000000000000001d       0x1e contiki-native.a(nullmac.o)
 .comment       0x000000000000001d       0x1e contiki-native.a(framer-802154.o)
 .comment       0x000000000000001d       0x1e contiki-native.a(frame802154.o)
 .comment       0x000000000000001d       0x1e contiki-native.a(mac.o)
 .comment       0x000000000000001d       0x1e contiki-native.a(framer.o)
 .comment       0x000000000000001d       0x1e contiki-native.a(nullsec.o)
 .comment       0x000000000000001d       0x1e contiki-native.a(clock.o)
 .comment       0x000000000000001d       0x1e contiki-native.a(rtimer-arch.o)
 .comment       0x000000000000001d       0x1e contiki-native.a(watchdog.o)
 .comment       0x000000000000001d       0x1e contiki-native.a(stimer.o)
 .comment       0x000000000000001d       0x1e contiki-native.a(nullradio.o)
 .comment       0x000000000000001d       0x1e contiki-native.a(random.o)
 .comment       0x000000000000001d       0x1e contiki-native.a(uip-icmp6.o)
 .comment       0x000000000000001d       0x1e contiki-native.a(rpl-icmp6.o)
 .comment       0x000000000000001d       0x1c /usr/lib/x86_64-linux-gnu/libc_nonshared.a(elf-init.oS)
                                         0x1d (size before relaxing)
 .comment       0x0000000000000039       0x1d /usr/lib/x86_64-linux-gnu/libc_nonshared.a(atexit.oS)
 .comment       0x0000000000000039       0x1e /usr/lib/gcc/x86_64-linux-gnu/4.9/crtend.o

.debug
 *(.debug)

.line
 *(.line)

.debug_srcinfo
 *(.debug_srcinfo)

.debug_sfnames
 *(.debug_sfnames)

.debug_aranges  0x0000000000000000      0xb10
 *(.debug_aranges)
 .debug_aranges
                0x0000000000000000       0x30 border-router.co
 .debug_aranges
                0x0000000000000030       0x30 obj_native/border-router-cmds.o
 .debug_aranges
                0x0000000000000060       0x30 obj_native/tun-bridge.o
 .debug_aranges
                0x0000000000000090       0x30 obj_native/border-router-rdc.o
 .debug_aranges
                0x00000000000000c0       0x30 obj_native/slip-config.o
 .debug_aranges
                0x00000000000000f0       0x30 obj_native/slip-dev.o
 .debug_aranges
                0x0000000000000120       0x30 obj_native/httpd-simple.o
 .debug_aranges
                0x0000000000000150       0x30 contiki-native.a(cmd.o)
 .debug_aranges
                0x0000000000000180       0x30 contiki-native.a(packetutils.o)
 .debug_aranges
                0x00000000000001b0       0x30 contiki-native.a(contiki-main.o)
 .debug_aranges
                0x00000000000001e0       0x30 contiki-native.a(button-sensor.o)
 .debug_aranges
                0x0000000000000210       0x30 contiki-native.a(pir-sensor.o)
 .debug_aranges
                0x0000000000000240       0x30 contiki-native.a(vib-sensor.o)
 .debug_aranges
                0x0000000000000270       0x30 contiki-native.a(sensors.o)
 .debug_aranges
                0x00000000000002a0       0x30 contiki-native.a(autostart.o)
 .debug_aranges
                0x00000000000002d0       0x30 contiki-native.a(ctimer.o)
 .debug_aranges
                0x0000000000000300       0x30 contiki-native.a(etimer.o)
 .debug_aranges
                0x0000000000000330       0x30 contiki-native.a(process.o)
 .debug_aranges
                0x0000000000000360       0x30 contiki-native.a(rtimer.o)
 .debug_aranges
                0x0000000000000390       0x30 contiki-native.a(timer.o)
 .debug_aranges
                0x00000000000003c0       0x30 contiki-native.a(serial-line.o)
 .debug_aranges
                0x00000000000003f0       0x30 contiki-native.a(ringbuf.o)
 .debug_aranges
                0x0000000000000420       0x30 contiki-native.a(list.o)
 .debug_aranges
                0x0000000000000450       0x30 contiki-native.a(memb.o)
 .debug_aranges
                0x0000000000000480       0x30 contiki-native.a(uip-ds6.o)
 .debug_aranges
                0x00000000000004b0       0x30 contiki-native.a(uip-ds6-route.o)
 .debug_aranges
                0x00000000000004e0       0x30 contiki-native.a(uip6.o)
 .debug_aranges
                0x0000000000000510       0x30 contiki-native.a(uip-ds6-nbr.o)
 .debug_aranges
                0x0000000000000540       0x30 contiki-native.a(uip-nd6.o)
 .debug_aranges
                0x0000000000000570       0x30 contiki-native.a(sicslowpan.o)
 .debug_aranges
                0x00000000000005a0       0x30 contiki-native.a(uip-debug.o)
 .debug_aranges
                0x00000000000005d0       0x30 contiki-native.a(uip-packetqueue)
 .debug_aranges
                0x0000000000000600       0x30 contiki-native.a(psock.o)
 .debug_aranges
                0x0000000000000630       0x30 contiki-native.a(tcpip.o)
 .debug_aranges
                0x0000000000000660       0x30 contiki-native.a(uiplib.o)
 .debug_aranges
                0x0000000000000690       0x30 contiki-native.a(rpl-dag.o)
 .debug_aranges
                0x00000000000006c0       0x30 contiki-native.a(rpl-timers.o)
 .debug_aranges
                0x00000000000006f0       0x30 contiki-native.a(rpl-ext-header.)
 .debug_aranges
                0x0000000000000720       0x30 contiki-native.a(rpl.o)
 .debug_aranges
                0x0000000000000750       0x30 contiki-native.a(rpl-mrhof.o)
 .debug_aranges
                0x0000000000000780       0x30 contiki-native.a(queuebuf.o)
 .debug_aranges
                0x00000000000007b0       0x30 contiki-native.a(nbr-table.o)
 .debug_aranges
                0x00000000000007e0       0x30 contiki-native.a(packetbuf.o)
 .debug_aranges
                0x0000000000000810       0x30 contiki-native.a(netstack.o)
 .debug_aranges
                0x0000000000000840       0x30 contiki-native.a(linkaddr.o)
 .debug_aranges
                0x0000000000000870       0x30 contiki-native.a(nullmac.o)
 .debug_aranges
                0x00000000000008a0       0x30 contiki-native.a(framer-802154.o)
 .debug_aranges
                0x00000000000008d0       0x30 contiki-native.a(frame802154.o)
 .debug_aranges
                0x0000000000000900       0x30 contiki-native.a(mac.o)
 .debug_aranges
                0x0000000000000930       0x30 contiki-native.a(framer.o)
 .debug_aranges
                0x0000000000000960       0x30 contiki-native.a(nullsec.o)
 .debug_aranges
                0x0000000000000990       0x30 contiki-native.a(clock.o)
 .debug_aranges
                0x00000000000009c0       0x30 contiki-native.a(rtimer-arch.o)
 .debug_aranges
                0x00000000000009f0       0x30 contiki-native.a(watchdog.o)
 .debug_aranges
                0x0000000000000a20       0x30 contiki-native.a(stimer.o)
 .debug_aranges
                0x0000000000000a50       0x30 contiki-native.a(nullradio.o)
 .debug_aranges
                0x0000000000000a80       0x30 contiki-native.a(random.o)
 .debug_aranges
                0x0000000000000ab0       0x30 contiki-native.a(uip-icmp6.o)
 .debug_aranges
                0x0000000000000ae0       0x30 contiki-native.a(rpl-icmp6.o)

.debug_pubnames
 *(.debug_pubnames)

.debug_info     0x0000000000000000    0x26dee
 *(.debug_info .gnu.linkonce.wi.*)
 .debug_info    0x0000000000000000     0x1f70 border-router.co
 .debug_info    0x0000000000001f70      0x751 obj_native/border-router-cmds.o
 .debug_info    0x00000000000026c1     0x139b obj_native/tun-bridge.o
 .debug_info    0x0000000000003a5c      0xb87 obj_native/border-router-rdc.o
 .debug_info    0x00000000000045e3      0xa45 obj_native/slip-config.o
 .debug_info    0x0000000000005028     0x1c05 obj_native/slip-dev.o
 .debug_info    0x0000000000006c2d      0xf04 obj_native/httpd-simple.o
 .debug_info    0x0000000000007b31      0x1f6 contiki-native.a(cmd.o)
 .debug_info    0x0000000000007d27      0x496 contiki-native.a(packetutils.o)
 .debug_info    0x00000000000081bd     0x10ec contiki-native.a(contiki-main.o)
 .debug_info    0x00000000000092a9      0x1ea contiki-native.a(button-sensor.o)
 .debug_info    0x0000000000009493      0x20c contiki-native.a(pir-sensor.o)
 .debug_info    0x000000000000969f      0x1fd contiki-native.a(vib-sensor.o)
 .debug_info    0x000000000000989c      0x4ef contiki-native.a(sensors.o)
 .debug_info    0x0000000000009d8b      0x203 contiki-native.a(autostart.o)
 .debug_info    0x0000000000009f8e      0x741 contiki-native.a(ctimer.o)
 .debug_info    0x000000000000a6cf      0x6eb contiki-native.a(etimer.o)
 .debug_info    0x000000000000adba      0x8fd contiki-native.a(process.o)
 .debug_info    0x000000000000b6b7      0x21b contiki-native.a(rtimer.o)
 .debug_info    0x000000000000b8d2      0x1e4 contiki-native.a(timer.o)
 .debug_info    0x000000000000bab6      0x4ef contiki-native.a(serial-line.o)
 .debug_info    0x000000000000bfa5      0x1fe contiki-native.a(ringbuf.o)
 .debug_info    0x000000000000c1a3      0x3be contiki-native.a(list.o)
 .debug_info    0x000000000000c561      0x240 contiki-native.a(memb.o)
 .debug_info    0x000000000000c7a1     0x122a contiki-native.a(uip-ds6.o)
 .debug_info    0x000000000000d9cb     0x1934 contiki-native.a(uip-ds6-route.o)
 .debug_info    0x000000000000f2ff     0x19b6 contiki-native.a(uip6.o)
 .debug_info    0x0000000000010cb5     0x1278 contiki-native.a(uip-ds6-nbr.o)
 .debug_info    0x0000000000011f2d      0xff3 contiki-native.a(uip-nd6.o)
 .debug_info    0x0000000000012f20     0x1b52 contiki-native.a(sicslowpan.o)
 .debug_info    0x0000000000014a72      0x4f2 contiki-native.a(uip-debug.o)
 .debug_info    0x0000000000014f64      0x704 contiki-native.a(uip-packetqueue)
 .debug_info    0x0000000000015668      0x941 contiki-native.a(psock.o)
 .debug_info    0x0000000000015fa9     0x2221 contiki-native.a(tcpip.o)
 .debug_info    0x00000000000181ca      0x464 contiki-native.a(uiplib.o)
 .debug_info    0x000000000001862e     0x29e6 contiki-native.a(rpl-dag.o)
 .debug_info    0x000000000001b014     0x10f3 contiki-native.a(rpl-timers.o)
 .debug_info    0x000000000001c107     0x1102 contiki-native.a(rpl-ext-header.)
 .debug_info    0x000000000001d209     0x124b contiki-native.a(rpl.o)
 .debug_info    0x000000000001e454      0xbe5 contiki-native.a(rpl-mrhof.o)
 .debug_info    0x000000000001f039      0xc77 contiki-native.a(queuebuf.o)
 .debug_info    0x000000000001fcb0      0xf91 contiki-native.a(nbr-table.o)
 .debug_info    0x0000000000020c41      0x945 contiki-native.a(packetbuf.o)
 .debug_info    0x0000000000021586      0x46a contiki-native.a(netstack.o)
 .debug_info    0x00000000000219f0      0x1f4 contiki-native.a(linkaddr.o)
 .debug_info    0x0000000000021be4      0x3d5 contiki-native.a(nullmac.o)
 .debug_info    0x0000000000021fb9      0x962 contiki-native.a(framer-802154.o)
 .debug_info    0x000000000002291b      0x522 contiki-native.a(frame802154.o)
 .debug_info    0x0000000000022e3d      0x142 contiki-native.a(mac.o)
 .debug_info    0x0000000000022f7f      0x1f3 contiki-native.a(framer.o)
 .debug_info    0x0000000000023172      0x432 contiki-native.a(nullsec.o)
 .debug_info    0x00000000000235a4      0x1be contiki-native.a(clock.o)
 .debug_info    0x0000000000023762      0x2a9 contiki-native.a(rtimer-arch.o)
 .debug_info    0x0000000000023a0b      0x126 contiki-native.a(watchdog.o)
 .debug_info    0x0000000000023b31      0x206 contiki-native.a(stimer.o)
 .debug_info    0x0000000000023d37      0x510 contiki-native.a(nullradio.o)
 .debug_info    0x0000000000024247      0x115 contiki-native.a(random.o)
 .debug_info    0x000000000002435c      0xb21 contiki-native.a(uip-icmp6.o)
 .debug_info    0x0000000000024e7d     0x1f71 contiki-native.a(rpl-icmp6.o)

.debug_abbrev   0x0000000000000000     0x8a13
 *(.debug_abbrev)
 .debug_abbrev  0x0000000000000000      0x492 border-router.co
 .debug_abbrev  0x0000000000000492      0x276 obj_native/border-router-cmds.o
 .debug_abbrev  0x0000000000000708      0x373 obj_native/tun-bridge.o
 .debug_abbrev  0x0000000000000a7b      0x3a2 obj_native/border-router-rdc.o
 .debug_abbrev  0x0000000000000e1d      0x1e0 obj_native/slip-config.o
 .debug_abbrev  0x0000000000000ffd      0x4d0 obj_native/slip-dev.o
 .debug_abbrev  0x00000000000014cd      0x2b6 obj_native/httpd-simple.o
 .debug_abbrev  0x0000000000001783      0x12d contiki-native.a(cmd.o)
 .debug_abbrev  0x00000000000018b0      0x17e contiki-native.a(packetutils.o)
 .debug_abbrev  0x0000000000001a2e      0x3fc contiki-native.a(contiki-main.o)
 .debug_abbrev  0x0000000000001e2a       0xe8 contiki-native.a(button-sensor.o)
 .debug_abbrev  0x0000000000001f12      0x115 contiki-native.a(pir-sensor.o)
 .debug_abbrev  0x0000000000002027      0x106 contiki-native.a(vib-sensor.o)
 .debug_abbrev  0x000000000000212d      0x2b8 contiki-native.a(sensors.o)
 .debug_abbrev  0x00000000000023e5      0x129 contiki-native.a(autostart.o)
 .debug_abbrev  0x000000000000250e      0x215 contiki-native.a(ctimer.o)
 .debug_abbrev  0x0000000000002723      0x2b9 contiki-native.a(etimer.o)
 .debug_abbrev  0x00000000000029dc      0x336 contiki-native.a(process.o)
 .debug_abbrev  0x0000000000002d12      0x179 contiki-native.a(rtimer.o)
 .debug_abbrev  0x0000000000002e8b       0xee contiki-native.a(timer.o)
 .debug_abbrev  0x0000000000002f79      0x25e contiki-native.a(serial-line.o)
 .debug_abbrev  0x00000000000031d7       0xe8 contiki-native.a(ringbuf.o)
 .debug_abbrev  0x00000000000032bf      0x18b contiki-native.a(list.o)
 .debug_abbrev  0x000000000000344a      0x115 contiki-native.a(memb.o)
 .debug_abbrev  0x000000000000355f      0x2e2 contiki-native.a(uip-ds6.o)
 .debug_abbrev  0x0000000000003841      0x3b5 contiki-native.a(uip-ds6-route.o)
 .debug_abbrev  0x0000000000003bf6      0x3b9 contiki-native.a(uip6.o)
 .debug_abbrev  0x0000000000003faf      0x32f contiki-native.a(uip-ds6-nbr.o)
 .debug_abbrev  0x00000000000042de      0x348 contiki-native.a(uip-nd6.o)
 .debug_abbrev  0x0000000000004626      0x47c contiki-native.a(sicslowpan.o)
 .debug_abbrev  0x0000000000004aa2      0x157 contiki-native.a(uip-debug.o)
 .debug_abbrev  0x0000000000004bf9      0x22b contiki-native.a(uip-packetqueue)